[2026-10-03T01:25:54.401+0000] {local_task_job_runner.py:120} INFO - ::group::Pre task execution logs
[2026-10-03T01:25:54.426+0000] {taskinstance.py:2076} INFO - Dependencies all met for dep_context=non-requeueable deps ti=<TaskInstance: fintech_crypto_market_etl.transform_market_data manual__2026-10-03T01:22:47.191330+00:00 [queued]>
[2026-10-03T01:25:54.431+0000] {taskinstance.py:2076} INFO - Dependencies all met for dep_context=requeueable deps ti=<TaskInstance: fintech_crypto_market_etl.transform_market_data manual__2026-10-03T01:22:47.191330+00:00 [queued]>
[2026-10-03T01:25:54.432+0000] {taskinstance.py:2306} INFO - Starting attempt 2 of 2
[2026-10-03T01:25:54.443+0000] {taskinstance.py:2330} INFO - Executing <Task(_PythonDecoratedOperator): transform_market_data> on 2026-10-03 01:22:47.191330+00:00
[2026-10-03T01:25:54.447+0000] {standard_task_runner.py:63} INFO - Started process 192 to run task
[2026-10-03T01:25:54.449+0000] {standard_task_runner.py:90} INFO - Running: ['***', 'tasks', 'run', 'fintech_crypto_market_etl', 'transform_market_data', 'manual__2026-10-03T01:22:47.191330+00:00', '--job-id', '26', '--raw', '--subdir', 'DAGS_FOLDER/crypto_market_dag.py', '--cfg-path', '/tmp/tmpj_s_u823']
[2026-10-03T01:25:54.451+0000] {standard_task_runner.py:91} INFO - Job 26: Subtask transform_market_data
[2026-10-03T01:25:54.495+0000] {task_command.py:426} INFO - Running <TaskInstance: fintech_crypto_market_etl.transform_market_data manual__2026-10-03T01:22:47.191330+00:00 [running]> on host a84947c8eda0
[2026-10-03T01:25:54.567+0000] {taskinstance.py:2648} INFO - Exporting env vars: AIRFLOW_CTX_DAG_OWNER='data_engineer' AIRFLOW_CTX_DAG_ID='fintech_crypto_market_etl' AIRFLOW_CTX_TASK_ID='transform_market_data' AIRFLOW_CTX_EXECUTION_DATE='2026-10-03T01:22:47.191330+00:00' AIRFLOW_CTX_TRY_NUMBER='2' AIRFLOW_CTX_DAG_RUN_ID='manual__2026-10-03T01:22:47.191330+00:00'
[2026-10-03T01:25:54.569+0000] {taskinstance.py:430} INFO - ::endgroup::
[2026-10-03T01:25:54.585+0000] {taskinstance.py:441} INFO - ::group::Post task execution logs
[2026-10-03T01:25:54.586+0000] {taskinstance.py:2905} ERROR - Task failed with exception
Traceback (most recent call last):
  File "/home/airflow/.local/lib/python3.10/site-packages/pandas/core/indexes/base.py", line 3791, in get_loc
    return self._engine.get_loc(casted_key)
  File "index.pyx", line 152, in pandas._libs.index.IndexEngine.get_loc
  File "index.pyx", line 181, in pandas._libs.index.IndexEngine.get_loc
  File "pandas/_libs/hashtable_class_helper.pxi", line 7080, in pandas._libs.hashtable.PyObjectHashTable.get_item
  File "pandas/_libs/hashtable_class_helper.pxi", line 7088, in pandas._libs.hashtable.PyObjectHashTable.get_item
KeyError: 'etl_transformed_at'

The above exception was the direct cause of the following exception:

Traceback (most recent call last):
  File "/home/airflow/.local/lib/python3.10/site-packages/airflow/models/taskinstance.py", line 465, in _execute_task
    result = _execute_callable(context=context, **execute_callable_kwargs)
  File "/home/airflow/.local/lib/python3.10/site-packages/airflow/models/taskinstance.py", line 432, in _execute_callable
    return execute_callable(context=context, **execute_callable_kwargs)
  File "/home/airflow/.local/lib/python3.10/site-packages/airflow/models/baseoperator.py", line 400, in wrapper
    return func(self, *args, **kwargs)
  File "/home/airflow/.local/lib/python3.10/site-packages/airflow/decorators/base.py", line 265, in execute
    return_value = super().execute(context)
  File "/home/airflow/.local/lib/python3.10/site-packages/airflow/models/baseoperator.py", line 400, in wrapper
    return func(self, *args, **kwargs)
  File "/home/airflow/.local/lib/python3.10/site-packages/airflow/operators/python.py", line 235, in execute
    return_value = self.execute_callable()
  File "/home/airflow/.local/lib/python3.10/site-packages/airflow/operators/python.py", line 252, in execute_callable
    return self.python_callable(*self.op_args, **self.op_kwargs)
  File "/opt/airflow/dags/crypto_market_dag.py", line 59, in transform
    return transform_crypto_data(raw_data)
  File "/opt/airflow/include/transform.py", line 52, in transform_crypto_data
    df["etl_transformed_at"] = df["etl_transformed_at"].astype(str)
  File "/home/airflow/.local/lib/python3.10/site-packages/pandas/core/frame.py", line 3893, in __getitem__
    indexer = self.columns.get_loc(key)
  File "/home/airflow/.local/lib/python3.10/site-packages/pandas/core/indexes/base.py", line 3798, in get_loc
    raise KeyError(key) from err
KeyError: 'etl_transformed_at'
[2026-10-03T01:25:54.606+0000] {taskinstance.py:1206} INFO - Marking task as FAILED. dag_id=fintech_crypto_market_etl, task_id=transform_market_data, run_id=manual__2026-10-03T01:22:47.191330+00:00, execution_date=20261003T012247, start_date=20261003T012554, end_date=20261003T012554
[2026-10-03T01:25:54.610+0000] {logging_mixin.py:188} WARNING - /home/***/.local/lib/python3.10/site-packages/***/utils/context.py:212 AirflowContextDeprecationWarning: Accessing 'execution_date' from the template is deprecated and will be removed in a future version. Please use 'data_interval_start' or 'logical_date' instead.
[2026-10-03T01:25:54.611+0000] {crypto_market_dag.py:27} ERROR - 🚨 [ALERT] Pipeline Failure Detected! 
 - DAG: fintech_crypto_market_etl
 - Task: transform_market_data
 - Execution Time: 2026-10-03 01:22:47.191330+00:00
Action required: Check Airflow task logs immediately.
[2026-10-03T01:25:54.621+0000] {standard_task_runner.py:110} ERROR - Failed to execute job 26 for task transform_market_data ('etl_transformed_at'; 192)
[2026-10-03T01:25:54.663+0000] {local_task_job_runner.py:240} INFO - Task exited with return code 1
[2026-10-03T01:25:54.678+0000] {taskinstance.py:3498} INFO - 0 downstream tasks scheduled from follow-on schedule check
[2026-10-03T01:25:54.683+0000] {local_task_job_runner.py:222} INFO - ::endgroup::
