[2026-10-03T00:00:10.731+0000] {local_task_job_runner.py:120} INFO - ::group::Pre task execution logs
[2026-10-03T00:00:10.764+0000] {taskinstance.py:2076} INFO - Dependencies all met for dep_context=non-requeueable deps ti=<TaskInstance: fintech_crypto_market_etl.transform_market_data scheduled__2026-10-02T00:00:00+00:00 [queued]>
[2026-10-03T00:00:10.774+0000] {taskinstance.py:2076} INFO - Dependencies all met for dep_context=requeueable deps ti=<TaskInstance: fintech_crypto_market_etl.transform_market_data scheduled__2026-10-02T00:00:00+00:00 [queued]>
[2026-10-03T00:00:10.775+0000] {taskinstance.py:2306} INFO - Starting attempt 1 of 2
[2026-10-03T00:00:10.795+0000] {taskinstance.py:2330} INFO - Executing <Task(_PythonDecoratedOperator): transform_market_data> on 2026-10-02 00:00:00+00:00
[2026-10-03T00:00:10.802+0000] {standard_task_runner.py:63} INFO - Started process 770 to run task
[2026-10-03T00:00:10.808+0000] {standard_task_runner.py:90} INFO - Running: ['***', 'tasks', 'run', 'fintech_crypto_market_etl', 'transform_market_data', 'scheduled__2026-10-02T00:00:00+00:00', '--job-id', '20', '--raw', '--subdir', 'DAGS_FOLDER/crypto_market_dag.py', '--cfg-path', '/tmp/tmpojretr72']
[2026-10-03T00:00:10.812+0000] {standard_task_runner.py:91} INFO - Job 20: Subtask transform_market_data
[2026-10-03T00:00:10.897+0000] {task_command.py:426} INFO - Running <TaskInstance: fintech_crypto_market_etl.transform_market_data scheduled__2026-10-02T00:00:00+00:00 [running]> on host a84947c8eda0
[2026-10-03T00:00:11.040+0000] {taskinstance.py:2648} INFO - Exporting env vars: AIRFLOW_CTX_DAG_OWNER='data_engineer' AIRFLOW_CTX_DAG_ID='fintech_crypto_market_etl' AIRFLOW_CTX_TASK_ID='transform_market_data' AIRFLOW_CTX_EXECUTION_DATE='2026-10-02T00:00:00+00:00' AIRFLOW_CTX_TRY_NUMBER='1' AIRFLOW_CTX_DAG_RUN_ID='scheduled__2026-10-02T00:00:00+00:00'
[2026-10-03T00:00:11.042+0000] {taskinstance.py:430} INFO - ::endgroup::
[2026-10-03T00:00:11.086+0000] {transform.py:59} INFO - Successfully transformed 20 records into clean schema.
[2026-10-03T00:00:11.090+0000] {python.py:237} INFO - Done. Returned value was: [{'id': 'bitcoin', 'symbol': 'BTC', 'name': 'Bitcoin', 'current_price': 84509.0, 'market_cap': 1698097774927, 'total_volume': 45586466041, 'high_24h': 87086.0, 'low_24h': 83898.0, 'price_change_percentage_24h': -0.42438, 'last_updated': Timestamp('2026-10-02 23:57:30+0000', tz='UTC'), 'etl_transformed_at': Timestamp('2026-10-03 00:00:11.085292+0000', tz='UTC')}, {'id': 'ethereum', 'symbol': 'ETH', 'name': 'Ethereum', 'current_price': 2668.31, 'market_cap': 325799004892, 'total_volume': 18959618431, 'high_24h': 2768.44, 'low_24h': 2652.62, 'price_change_percentage_24h': -1.39406, 'last_updated': Timestamp('2026-10-02 23:57:30+0000', tz='UTC'), 'etl_transformed_at': Timestamp('2026-10-03 00:00:11.085292+0000', tz='UTC')}, {'id': 'tether', 'symbol': 'USDT', 'name': 'Tether', 'current_price': 0.999876, 'market_cap': 184034981065, 'total_volume': 81505924563, 'high_24h': 0.999987, 'low_24h': 0.999646, 'price_change_percentage_24h': 0.01167, 'last_updated': Timestamp('2026-10-02 23:57:30+0000', tz='UTC'), 'etl_transformed_at': Timestamp('2026-10-03 00:00:11.085292+0000', tz='UTC')}, {'id': 'binancecoin', 'symbol': 'BNB', 'name': 'BNB', 'current_price': 768.02, 'market_cap': 102269417112, 'total_volume': 933323285, 'high_24h': 783.58, 'low_24h': 760.68, 'price_change_percentage_24h': -0.45016, 'last_updated': Timestamp('2026-10-02 23:57:30+0000', tz='UTC'), 'etl_transformed_at': Timestamp('2026-10-03 00:00:11.085292+0000', tz='UTC')}, {'id': 'ripple', 'symbol': 'XRP', 'name': 'XRP', 'current_price': 1.48, 'market_cap': 93674923466, 'total_volume': 3789692521, 'high_24h': 1.55, 'low_24h': 1.45, 'price_change_percentage_24h': -0.64443, 'last_updated': Timestamp('2026-10-02 23:57:30+0000', tz='UTC'), 'etl_transformed_at': Timestamp('2026-10-03 00:00:11.085292+0000', tz='UTC')}, {'id': 'usd-coin', 'symbol': 'USDC', 'name': 'USDC', 'current_price': 0.999948, 'market_cap': 74102749861, 'total_volume': 23710479105, 'high_24h': 1.0, 'low_24h': 0.999514, 'price_change_percentage_24h': 0.00078, 'last_updated': Timestamp('2026-10-02 23:57:30+0000', tz='UTC'), 'etl_transformed_at': Timestamp('2026-10-03 00:00:11.085292+0000', tz='UTC')}, {'id': 'solana', 'symbol': 'SOL', 'name': 'Solana', 'current_price': 118.62, 'market_cap': 69763292854, 'total_volume': 4653638800, 'high_24h': 123.55, 'low_24h': 117.38, 'price_change_percentage_24h': 0.14409, 'last_updated': Timestamp('2026-10-02 23:57:30+0000', tz='UTC'), 'etl_transformed_at': Timestamp('2026-10-03 00:00:11.085292+0000', tz='UTC')}, {'id': 'tron', 'symbol': 'TRX', 'name': 'TRON', 'current_price': 0.334611, 'market_cap': 31786512713, 'total_volume': 346448612, 'high_24h': 0.336887, 'low_24h': 0.334006, 'price_change_percentage_24h': -0.05537, 'last_updated': Timestamp('2026-10-02 23:57:30+0000', tz='UTC'), 'etl_transformed_at': Timestamp('2026-10-03 00:00:11.085292+0000', tz='UTC')}, {'id': 'figure-heloc', 'symbol': 'FIGR_HELOC', 'name': 'Figure Heloc', 'current_price': 1.04, 'market_cap': 24376303888, 'total_volume': 34722552, 'high_24h': 1.049, 'low_24h': 1.012, 'price_change_percentage_24h': 1.7274, 'last_updated': Timestamp('2026-10-02 23:57:30+0000', tz='UTC'), 'etl_transformed_at': Timestamp('2026-10-03 00:00:11.085292+0000', tz='UTC')}, {'id': 'zcash', 'symbol': 'ZEC', 'name': 'Zcash', 'current_price': 1302.38, 'market_cap': 22099849752, 'total_volume': 1019299390, 'high_24h': 1408.0, 'low_24h': 1276.55, 'price_change_percentage_24h': -2.45901, 'last_updated': Timestamp('2026-10-02 23:57:30+0000', tz='UTC'), 'etl_transformed_at': Timestamp('2026-10-03 00:00:11.085292+0000', tz='UTC')}, {'id': 'hyperliquid', 'symbol': 'HYPE', 'name': 'Hyperliquid', 'current_price': 89.15, 'market_cap': 19831675663, 'total_volume': 974123092, 'high_24h': 91.44, 'low_24h': 86.16, 'price_change_percentage_24h': 1.674, 'last_updated': Timestamp('2026-10-02 23:57:30+0000', tz='UTC'), 'etl_transformed_at': Timestamp('2026-10-03 00:00:11.085292+0000', tz='UTC')}, {'id': 'dogecoin', 'symbol': 'DOGE', 'name': 'Dogecoin', 'current_price': 0.092954, 'market_cap': 14515658685, 'total_volume': 1128919877, 'high_24h': 0.097849, 'low_24h': 0.090509, 'price_change_percentage_24h': -1.50657, 'last_updated': Timestamp('2026-10-02 23:57:30+0000', tz='UTC'), 'etl_transformed_at': Timestamp('2026-10-03 00:00:11.085292+0000', tz='UTC')}, {'id': 'chainlink', 'symbol': 'LINK', 'name': 'Chainlink', 'current_price': 13.79, 'market_cap': 10319522806, 'total_volume': 589013949, 'high_24h': 14.64, 'low_24h': 13.47, 'price_change_percentage_24h': -4.10568, 'last_updated': Timestamp('2026-10-02 23:57:30+0000', tz='UTC'), 'etl_transformed_at': Timestamp('2026-10-03 00:00:11.085292+0000', tz='UTC')}, {'id': 'monero', 'symbol': 'XMR', 'name': 'Monero', 'current_price': 539.67, 'market_cap': 10152623363, 'total_volume': 118260261, 'high_24h': 550.88, 'low_24h': 532.34, 'price_change_percentage_24h': -0.79848, 'last_updated': Timestamp('2026-10-02 23:57:30+0000', tz='UTC'), 'etl_transformed_at': Timestamp('2026-10-03 00:00:11.085292+0000', tz='UTC')}, {'id': 'whitebit', 'symbol': 'WBT', 'name': 'WhiteBIT Coin', 'current_price': 84.07, 'market_cap': 9990642398, 'total_volume': 138825588, 'high_24h': 86.71, 'low_24h': 83.53, 'price_change_percentage_24h': -0.77783, 'last_updated': Timestamp('2026-10-02 23:57:30+0000', tz='UTC'), 'etl_transformed_at': Timestamp('2026-10-03 00:00:11.085292+0000', tz='UTC')}, {'id': 'usds', 'symbol': 'USDS', 'name': 'USDS', 'current_price': 0.999902, 'market_cap': 9958806819, 'total_volume': 290200862, 'high_24h': 0.999983, 'low_24h': 0.999521, 'price_change_percentage_24h': -0.0003, 'last_updated': Timestamp('2026-10-02 23:57:30+0000', tz='UTC'), 'etl_transformed_at': Timestamp('2026-10-03 00:00:11.085292+0000', tz='UTC')}, {'id': 'cardano', 'symbol': 'ADA', 'name': 'Cardano', 'current_price': 0.244276, 'market_cap': 9170502757, 'total_volume': 675507664, 'high_24h': 0.258534, 'low_24h': 0.237332, 'price_change_percentage_24h': -0.81221, 'last_updated': Timestamp('2026-10-02 23:57:30+0000', tz='UTC'), 'etl_transformed_at': Timestamp('2026-10-03 00:00:11.085292+0000', tz='UTC')}, {'id': 'leo-token', 'symbol': 'LEO', 'name': 'LEO Token', 'current_price': 8.98, 'market_cap': 8262868120, 'total_volume': 236471, 'high_24h': 9.0, 'low_24h': 8.86, 'price_change_percentage_24h': 1.40379, 'last_updated': Timestamp('2026-10-02 23:57:30+0000', tz='UTC'), 'etl_transformed_at': Timestamp('2026-10-03 00:00:11.085292+0000', tz='UTC')}, {'id': 'stellar', 'symbol': 'XLM', 'name': 'Stellar', 'current_price': 0.215529, 'market_cap': 7555665500, 'total_volume': 221396225, 'high_24h': 0.226843, 'low_24h': 0.210675, 'price_change_percentage_24h': -1.63834, 'last_updated': Timestamp('2026-10-02 23:57:30+0000', tz='UTC'), 'etl_transformed_at': Timestamp('2026-10-03 00:00:11.085292+0000', tz='UTC')}, {'id': 'rain', 'symbol': 'RAIN', 'name': 'Rain', 'current_price': 0.01031164, 'market_cap': 7313573660, 'total_volume': 12341095, 'high_24h': 0.01212762, 'low_24h': 0.01111919, 'price_change_percentage_24h': -14.48992, 'last_updated': Timestamp('2026-10-02 23:57:30+0000', tz='UTC'), 'etl_transformed_at': Timestamp('2026-10-03 00:00:11.085292+0000', tz='UTC')}]
[2026-10-03T00:00:11.093+0000] {taskinstance.py:441} INFO - ::group::Post task execution logs
[2026-10-03T00:00:11.107+0000] {xcom.py:675} ERROR - Object of type Timestamp is not JSON serializable. If you are using pickle instead of JSON for XCom, then you need to enable pickle support for XCom in your *** config or make sure to decorate your object with attr.
[2026-10-03T00:00:11.109+0000] {taskinstance.py:2905} ERROR - Task failed with exception
Traceback (most recent call last):
  File "/home/airflow/.local/lib/python3.10/site-packages/airflow/utils/json.py", line 91, in default
    return serialize(o)
  File "/home/airflow/.local/lib/python3.10/site-packages/airflow/serialization/serde.py", line 189, in serialize
    raise TypeError(f"cannot serialize object of type {cls}")
TypeError: cannot serialize object of type <class 'pandas._libs.tslibs.timestamps.Timestamp'>

During handling of the above exception, another exception occurred:

Traceback (most recent call last):
  File "/home/airflow/.local/lib/python3.10/site-packages/airflow/models/taskinstance.py", line 486, in _execute_task
    task_instance.xcom_push(key=XCOM_RETURN_KEY, value=xcom_value, session=session)
  File "/home/airflow/.local/lib/python3.10/site-packages/airflow/utils/session.py", line 76, in wrapper
    return func(*args, **kwargs)
  File "/home/airflow/.local/lib/python3.10/site-packages/airflow/models/taskinstance.py", line 3197, in xcom_push
    XCom.set(
  File "/home/airflow/.local/lib/python3.10/site-packages/airflow/utils/session.py", line 76, in wrapper
    return func(*args, **kwargs)
  File "/home/airflow/.local/lib/python3.10/site-packages/airflow/models/xcom.py", line 246, in set
    value = cls.serialize_value(
  File "/home/airflow/.local/lib/python3.10/site-packages/airflow/models/xcom.py", line 673, in serialize_value
    return json.dumps(value, cls=XComEncoder).encode("UTF-8")
  File "/usr/local/lib/python3.10/json/__init__.py", line 238, in dumps
    **kw).encode(obj)
  File "/home/airflow/.local/lib/python3.10/site-packages/airflow/utils/json.py", line 104, in encode
    return super().encode(o)
  File "/usr/local/lib/python3.10/json/encoder.py", line 199, in encode
    chunks = self.iterencode(o, _one_shot=True)
  File "/usr/local/lib/python3.10/json/encoder.py", line 257, in iterencode
    return _iterencode(o, 0)
  File "/home/airflow/.local/lib/python3.10/site-packages/airflow/utils/json.py", line 93, in default
    return super().default(o)
  File "/usr/local/lib/python3.10/json/encoder.py", line 179, in default
    raise TypeError(f'Object of type {o.__class__.__name__} '
TypeError: Object of type Timestamp is not JSON serializable
[2026-10-03T00:00:11.124+0000] {taskinstance.py:1206} INFO - Marking task as UP_FOR_RETRY. dag_id=fintech_crypto_market_etl, task_id=transform_market_data, run_id=scheduled__2026-10-02T00:00:00+00:00, execution_date=20261002T000000, start_date=20261003T000010, end_date=20261003T000011
[2026-10-03T00:00:11.143+0000] {standard_task_runner.py:110} ERROR - Failed to execute job 20 for task transform_market_data (Object of type Timestamp is not JSON serializable; 770)
[2026-10-03T00:00:11.182+0000] {local_task_job_runner.py:240} INFO - Task exited with return code 1
[2026-10-03T00:00:11.219+0000] {taskinstance.py:3498} INFO - 0 downstream tasks scheduled from follow-on schedule check
[2026-10-03T00:00:11.224+0000] {local_task_job_runner.py:222} INFO - ::endgroup::
