[2026-10-02T14:15:55.399+0000] {local_task_job_runner.py:120} INFO - ::group::Pre task execution logs
[2026-10-02T14:15:55.417+0000] {taskinstance.py:2076} INFO - Dependencies all met for dep_context=non-requeueable deps ti=<TaskInstance: fintech_crypto_market_etl.transform_market_data scheduled__2026-10-01T00:00:00+00:00 [queued]>
[2026-10-02T14:15:55.421+0000] {taskinstance.py:2076} INFO - Dependencies all met for dep_context=requeueable deps ti=<TaskInstance: fintech_crypto_market_etl.transform_market_data scheduled__2026-10-01T00:00:00+00:00 [queued]>
[2026-10-02T14:15:55.421+0000] {taskinstance.py:2306} INFO - Starting attempt 1 of 3
[2026-10-02T14:15:55.432+0000] {taskinstance.py:2330} INFO - Executing <Task(_PythonDecoratedOperator): transform_market_data> on 2026-10-01 00:00:00+00:00
[2026-10-02T14:15:55.436+0000] {standard_task_runner.py:63} INFO - Started process 165 to run task
[2026-10-02T14:15:55.439+0000] {standard_task_runner.py:90} INFO - Running: ['***', 'tasks', 'run', 'fintech_crypto_market_etl', 'transform_market_data', 'scheduled__2026-10-01T00:00:00+00:00', '--job-id', '4', '--raw', '--subdir', 'DAGS_FOLDER/crypto_market_dag.py', '--cfg-path', '/tmp/tmpjh8vbvp0']
[2026-10-02T14:15:55.441+0000] {standard_task_runner.py:91} INFO - Job 4: Subtask transform_market_data
[2026-10-02T14:15:55.482+0000] {task_command.py:426} INFO - Running <TaskInstance: fintech_crypto_market_etl.transform_market_data scheduled__2026-10-01T00:00:00+00:00 [running]> on host fc93dc10a888
[2026-10-02T14:15:55.546+0000] {taskinstance.py:2648} INFO - Exporting env vars: AIRFLOW_CTX_DAG_OWNER='data_engineer' AIRFLOW_CTX_DAG_ID='fintech_crypto_market_etl' AIRFLOW_CTX_TASK_ID='transform_market_data' AIRFLOW_CTX_EXECUTION_DATE='2026-10-01T00:00:00+00:00' AIRFLOW_CTX_TRY_NUMBER='1' AIRFLOW_CTX_DAG_RUN_ID='scheduled__2026-10-01T00:00:00+00:00'
[2026-10-02T14:15:55.547+0000] {taskinstance.py:430} INFO - ::endgroup::
[2026-10-02T14:15:55.569+0000] {transform.py:51} INFO - Successfully transformed 20 records into clean schema.
[2026-10-02T14:15:55.572+0000] {python.py:237} INFO - Done. Returned value was: [{'id': 'bitcoin', 'symbol': 'BTC', 'name': 'Bitcoin', 'current_price': 86389.0, 'market_cap': 1735705120597, 'total_volume': 42126493779, 'high_24h': 87086.0, 'low_24h': 83822.0, 'price_change_percentage_24h': 3.20048, 'last_updated': Timestamp('2026-10-02 14:12:20+0000', tz='UTC'), 'etl_transformed_at': Timestamp('2026-10-02 14:15:55.568706+0000', tz='UTC')}, {'id': 'ethereum', 'symbol': 'ETH', 'name': 'Ethereum', 'current_price': 2736.88, 'market_cap': 334075884907, 'total_volume': 16309888585, 'high_24h': 2768.44, 'low_24h': 2674.36, 'price_change_percentage_24h': 1.86685, 'last_updated': Timestamp('2026-10-02 14:12:20+0000', tz='UTC'), 'etl_transformed_at': Timestamp('2026-10-02 14:15:55.568706+0000', tz='UTC')}, {'id': 'tether', 'symbol': 'USDT', 'name': 'Tether', 'current_price': 0.999868, 'market_cap': 184039812029, 'total_volume': 75494312524, 'high_24h': 0.999897, 'low_24h': 0.999586, 'price_change_percentage_24h': 0.01055, 'last_updated': Timestamp('2026-10-02 14:12:20+0000', tz='UTC'), 'etl_transformed_at': Timestamp('2026-10-02 14:15:55.568706+0000', tz='UTC')}, {'id': 'binancecoin', 'symbol': 'BNB', 'name': 'BNB', 'current_price': 779.68, 'market_cap': 103789785685, 'total_volume': 906133391, 'high_24h': 783.58, 'low_24h': 764.41, 'price_change_percentage_24h': 1.42641, 'last_updated': Timestamp('2026-10-02 14:12:20+0000', tz='UTC'), 'etl_transformed_at': Timestamp('2026-10-02 14:15:55.568706+0000', tz='UTC')}, {'id': 'ripple', 'symbol': 'XRP', 'name': 'XRP', 'current_price': 1.53, 'market_cap': 96418757964, 'total_volume': 3242536029, 'high_24h': 1.55, 'low_24h': 1.48, 'price_change_percentage_24h': 3.30759, 'last_updated': Timestamp('2026-10-02 14:12:20+0000', tz='UTC'), 'etl_transformed_at': Timestamp('2026-10-02 14:15:55.568706+0000', tz='UTC')}, {'id': 'usd-coin', 'symbol': 'USDC', 'name': 'USDC', 'current_price': 0.99991, 'market_cap': 73926212316, 'total_volume': 23093846906, 'high_24h': 1.0, 'low_24h': 0.999514, 'price_change_percentage_24h': 0.00048, 'last_updated': Timestamp('2026-10-02 14:12:20+0000', tz='UTC'), 'etl_transformed_at': Timestamp('2026-10-02 14:15:55.568706+0000', tz='UTC')}, {'id': 'solana', 'symbol': 'SOL', 'name': 'Solana', 'current_price': 121.91, 'market_cap': 71663849715, 'total_volume': 4549445602, 'high_24h': 123.55, 'low_24h': 116.84, 'price_change_percentage_24h': 3.75478, 'last_updated': Timestamp('2026-10-02 14:12:20+0000', tz='UTC'), 'etl_transformed_at': Timestamp('2026-10-02 14:15:55.568706+0000', tz='UTC')}, {'id': 'tron', 'symbol': 'TRX', 'name': 'TRON', 'current_price': 0.334801, 'market_cap': 31804927104, 'total_volume': 320323997, 'high_24h': 0.336268, 'low_24h': 0.333212, 'price_change_percentage_24h': 0.58583, 'last_updated': Timestamp('2026-10-02 14:12:20+0000', tz='UTC'), 'etl_transformed_at': Timestamp('2026-10-02 14:15:55.568706+0000', tz='UTC')}, {'id': 'figure-heloc', 'symbol': 'FIGR_HELOC', 'name': 'Figure Heloc', 'current_price': 1.013, 'market_cap': 23693109208, 'total_volume': 12374268, 'high_24h': 1.031, 'low_24h': 1.014, 'price_change_percentage_24h': -1.40502, 'last_updated': Timestamp('2026-10-02 14:12:20+0000', tz='UTC'), 'etl_transformed_at': Timestamp('2026-10-02 14:15:55.568706+0000', tz='UTC')}, {'id': 'zcash', 'symbol': 'ZEC', 'name': 'Zcash', 'current_price': 1376.47, 'market_cap': 23323564873, 'total_volume': 1244477777, 'high_24h': 1408.0, 'low_24h': 1305.82, 'price_change_percentage_24h': -0.89071, 'last_updated': Timestamp('2026-10-02 14:12:20+0000', tz='UTC'), 'etl_transformed_at': Timestamp('2026-10-02 14:15:55.568706+0000', tz='UTC')}, {'id': 'hyperliquid', 'symbol': 'HYPE', 'name': 'Hyperliquid', 'current_price': 90.29, 'market_cap': 20057315896, 'total_volume': 881625614, 'high_24h': 91.44, 'low_24h': 86.5, 'price_change_percentage_24h': 1.68818, 'last_updated': Timestamp('2026-10-02 14:12:20+0000', tz='UTC'), 'etl_transformed_at': Timestamp('2026-10-02 14:15:55.568706+0000', tz='UTC')}, {'id': 'dogecoin', 'symbol': 'DOGE', 'name': 'Dogecoin', 'current_price': 0.096443, 'market_cap': 15049805956, 'total_volume': 943357773, 'high_24h': 0.097849, 'low_24h': 0.0932, 'price_change_percentage_24h': 2.62133, 'last_updated': Timestamp('2026-10-02 14:12:20+0000', tz='UTC'), 'etl_transformed_at': Timestamp('2026-10-02 14:15:55.568706+0000', tz='UTC')}, {'id': 'chainlink', 'symbol': 'LINK', 'name': 'Chainlink', 'current_price': 14.32, 'market_cap': 10707907416, 'total_volume': 541450858, 'high_24h': 14.64, 'low_24h': 14.17, 'price_change_percentage_24h': 0.35046, 'last_updated': Timestamp('2026-10-02 14:12:20+0000', tz='UTC'), 'etl_transformed_at': Timestamp('2026-10-02 14:15:55.568706+0000', tz='UTC')}, {'id': 'monero', 'symbol': 'XMR', 'name': 'Monero', 'current_price': 545.0, 'market_cap': 10250764264, 'total_volume': 124673894, 'high_24h': 550.88, 'low_24h': 537.18, 'price_change_percentage_24h': 1.09918, 'last_updated': Timestamp('2026-10-02 14:12:20+0000', tz='UTC'), 'etl_transformed_at': Timestamp('2026-10-02 14:15:55.568706+0000', tz='UTC')}, {'id': 'whitebit', 'symbol': 'WBT', 'name': 'WhiteBIT Coin', 'current_price': 85.96, 'market_cap': 10211336546, 'total_volume': 129592583, 'high_24h': 86.71, 'low_24h': 83.58, 'price_change_percentage_24h': 2.9054, 'last_updated': Timestamp('2026-10-02 14:12:20+0000', tz='UTC'), 'etl_transformed_at': Timestamp('2026-10-02 14:15:55.568706+0000', tz='UTC')}, {'id': 'usds', 'symbol': 'USDS', 'name': 'USDS', 'current_price': 0.999749, 'market_cap': 9952103801, 'total_volume': 292858535, 'high_24h': 1.0, 'low_24h': 0.999521, 'price_change_percentage_24h': 0.00986, 'last_updated': Timestamp('2026-10-02 14:12:20+0000', tz='UTC'), 'etl_transformed_at': Timestamp('2026-10-02 14:15:55.568706+0000', tz='UTC')}, {'id': 'cardano', 'symbol': 'ADA', 'name': 'Cardano', 'current_price': 0.254378, 'market_cap': 9542673510, 'total_volume': 591220546, 'high_24h': 0.258534, 'low_24h': 0.243311, 'price_change_percentage_24h': 3.97194, 'last_updated': Timestamp('2026-10-02 14:12:20+0000', tz='UTC'), 'etl_transformed_at': Timestamp('2026-10-02 14:15:55.568706+0000', tz='UTC')}, {'id': 'leo-token', 'symbol': 'LEO', 'name': 'LEO Token', 'current_price': 8.97, 'market_cap': 8250358252, 'total_volume': 303533, 'high_24h': 9.0, 'low_24h': 8.85, 'price_change_percentage_24h': 1.25273, 'last_updated': Timestamp('2026-10-02 14:12:20+0000', tz='UTC'), 'etl_transformed_at': Timestamp('2026-10-02 14:15:55.568706+0000', tz='UTC')}, {'id': 'rain', 'symbol': 'RAIN', 'name': 'Rain', 'current_price': 0.0115663, 'market_cap': 8196420435, 'total_volume': 15409691, 'high_24h': 0.01256654, 'low_24h': 0.01157236, 'price_change_percentage_24h': -4.65201, 'last_updated': Timestamp('2026-10-02 14:12:20+0000', tz='UTC'), 'etl_transformed_at': Timestamp('2026-10-02 14:15:55.568706+0000', tz='UTC')}, {'id': 'stellar', 'symbol': 'XLM', 'name': 'Stellar', 'current_price': 0.22386, 'market_cap': 7841171130, 'total_volume': 244689003, 'high_24h': 0.226843, 'low_24h': 0.216878, 'price_change_percentage_24h': 2.11426, 'last_updated': Timestamp('2026-10-02 14:12:20+0000', tz='UTC'), 'etl_transformed_at': Timestamp('2026-10-02 14:15:55.568706+0000', tz='UTC')}]
[2026-10-02T14:15:55.576+0000] {taskinstance.py:441} INFO - ::group::Post task execution logs
[2026-10-02T14:15:55.582+0000] {xcom.py:675} ERROR - Object of type Timestamp is not JSON serializable. If you are using pickle instead of JSON for XCom, then you need to enable pickle support for XCom in your *** config or make sure to decorate your object with attr.
[2026-10-02T14:15:55.584+0000] {taskinstance.py:2905} ERROR - Task failed with exception
Traceback (most recent call last):
  File "/home/airflow/.local/lib/python3.10/site-packages/airflow/utils/json.py", line 91, in default
    return serialize(o)
  File "/home/airflow/.local/lib/python3.10/site-packages/airflow/serialization/serde.py", line 189, in serialize
    raise TypeError(f"cannot serialize object of type {cls}")
TypeError: cannot serialize object of type <class 'pandas._libs.tslibs.timestamps.Timestamp'>

During handling of the above exception, another exception occurred:

Traceback (most recent call last):
  File "/home/airflow/.local/lib/python3.10/site-packages/airflow/models/taskinstance.py", line 486, in _execute_task
    task_instance.xcom_push(key=XCOM_RETURN_KEY, value=xcom_value, session=session)
  File "/home/airflow/.local/lib/python3.10/site-packages/airflow/utils/session.py", line 76, in wrapper
    return func(*args, **kwargs)
  File "/home/airflow/.local/lib/python3.10/site-packages/airflow/models/taskinstance.py", line 3197, in xcom_push
    XCom.set(
  File "/home/airflow/.local/lib/python3.10/site-packages/airflow/utils/session.py", line 76, in wrapper
    return func(*args, **kwargs)
  File "/home/airflow/.local/lib/python3.10/site-packages/airflow/models/xcom.py", line 246, in set
    value = cls.serialize_value(
  File "/home/airflow/.local/lib/python3.10/site-packages/airflow/models/xcom.py", line 673, in serialize_value
    return json.dumps(value, cls=XComEncoder).encode("UTF-8")
  File "/usr/local/lib/python3.10/json/__init__.py", line 238, in dumps
    **kw).encode(obj)
  File "/home/airflow/.local/lib/python3.10/site-packages/airflow/utils/json.py", line 104, in encode
    return super().encode(o)
  File "/usr/local/lib/python3.10/json/encoder.py", line 199, in encode
    chunks = self.iterencode(o, _one_shot=True)
  File "/usr/local/lib/python3.10/json/encoder.py", line 257, in iterencode
    return _iterencode(o, 0)
  File "/home/airflow/.local/lib/python3.10/site-packages/airflow/utils/json.py", line 93, in default
    return super().default(o)
  File "/usr/local/lib/python3.10/json/encoder.py", line 179, in default
    raise TypeError(f'Object of type {o.__class__.__name__} '
TypeError: Object of type Timestamp is not JSON serializable
[2026-10-02T14:15:55.597+0000] {taskinstance.py:1206} INFO - Marking task as UP_FOR_RETRY. dag_id=fintech_crypto_market_etl, task_id=transform_market_data, run_id=scheduled__2026-10-01T00:00:00+00:00, execution_date=20261001T000000, start_date=20261002T141555, end_date=20261002T141555
[2026-10-02T14:15:55.606+0000] {standard_task_runner.py:110} ERROR - Failed to execute job 4 for task transform_market_data (Object of type Timestamp is not JSON serializable; 165)
[2026-10-02T14:15:55.613+0000] {local_task_job_runner.py:240} INFO - Task exited with return code 1
[2026-10-02T14:15:55.627+0000] {taskinstance.py:3498} INFO - 0 downstream tasks scheduled from follow-on schedule check
[2026-10-02T14:15:55.631+0000] {local_task_job_runner.py:222} INFO - ::endgroup::
