[2026-10-02T21:38:49.903+0000] {local_task_job_runner.py:120} INFO - ::group::Pre task execution logs
[2026-10-02T21:38:49.931+0000] {taskinstance.py:2076} INFO - Dependencies all met for dep_context=non-requeueable deps ti=<TaskInstance: fintech_crypto_market_etl.transform_market_data manual__2026-10-02T21:38:43.136159+00:00 [queued]>
[2026-10-02T21:38:49.937+0000] {taskinstance.py:2076} INFO - Dependencies all met for dep_context=requeueable deps ti=<TaskInstance: fintech_crypto_market_etl.transform_market_data manual__2026-10-02T21:38:43.136159+00:00 [queued]>
[2026-10-02T21:38:49.937+0000] {taskinstance.py:2306} INFO - Starting attempt 1 of 2
[2026-10-02T21:38:49.952+0000] {taskinstance.py:2330} INFO - Executing <Task(_PythonDecoratedOperator): transform_market_data> on 2026-10-02 21:38:43.136159+00:00
[2026-10-02T21:38:49.958+0000] {standard_task_runner.py:63} INFO - Started process 90 to run task
[2026-10-02T21:38:49.960+0000] {standard_task_runner.py:90} INFO - Running: ['***', 'tasks', 'run', 'fintech_crypto_market_etl', 'transform_market_data', 'manual__2026-10-02T21:38:43.136159+00:00', '--job-id', '17', '--raw', '--subdir', 'DAGS_FOLDER/crypto_market_dag.py', '--cfg-path', '/tmp/tmp7gmeod0q']
[2026-10-02T21:38:49.963+0000] {standard_task_runner.py:91} INFO - Job 17: Subtask transform_market_data
[2026-10-02T21:38:50.010+0000] {task_command.py:426} INFO - Running <TaskInstance: fintech_crypto_market_etl.transform_market_data manual__2026-10-02T21:38:43.136159+00:00 [running]> on host fc93dc10a888
[2026-10-02T21:38:50.090+0000] {taskinstance.py:2648} INFO - Exporting env vars: AIRFLOW_CTX_DAG_OWNER='data_engineer' AIRFLOW_CTX_DAG_ID='fintech_crypto_market_etl' AIRFLOW_CTX_TASK_ID='transform_market_data' AIRFLOW_CTX_EXECUTION_DATE='2026-10-02T21:38:43.136159+00:00' AIRFLOW_CTX_TRY_NUMBER='1' AIRFLOW_CTX_DAG_RUN_ID='manual__2026-10-02T21:38:43.136159+00:00'
[2026-10-02T21:38:50.091+0000] {taskinstance.py:430} INFO - ::endgroup::
[2026-10-02T21:38:50.117+0000] {transform.py:59} INFO - Successfully transformed 20 records into clean schema.
[2026-10-02T21:38:50.119+0000] {python.py:237} INFO - Done. Returned value was: [{'id': 'bitcoin', 'symbol': 'BTC', 'name': 'Bitcoin', 'current_price': 84462.0, 'market_cap': 1696907128839, 'total_volume': 45451159688, 'high_24h': 87086.0, 'low_24h': 83898.0, 'price_change_percentage_24h': -0.06263, 'last_updated': Timestamp('2026-10-02 21:36:20+0000', tz='UTC'), 'etl_transformed_at': Timestamp('2026-10-02 21:38:50.116679+0000', tz='UTC')}, {'id': 'ethereum', 'symbol': 'ETH', 'name': 'Ethereum', 'current_price': 2659.91, 'market_cap': 324763408235, 'total_volume': 18790552636, 'high_24h': 2768.44, 'low_24h': 2652.62, 'price_change_percentage_24h': -1.18896, 'last_updated': Timestamp('2026-10-02 21:36:20+0000', tz='UTC'), 'etl_transformed_at': Timestamp('2026-10-02 21:38:50.116679+0000', tz='UTC')}, {'id': 'tether', 'symbol': 'USDT', 'name': 'Tether', 'current_price': 0.999959, 'market_cap': 184042913176, 'total_volume': 81379296803, 'high_24h': 0.999987, 'low_24h': 0.999646, 'price_change_percentage_24h': 0.0223, 'last_updated': Timestamp('2026-10-02 21:36:20+0000', tz='UTC'), 'etl_transformed_at': Timestamp('2026-10-02 21:38:50.116679+0000', tz='UTC')}, {'id': 'binancecoin', 'symbol': 'BNB', 'name': 'BNB', 'current_price': 765.38, 'market_cap': 101909466627, 'total_volume': 925821580, 'high_24h': 783.58, 'low_24h': 760.68, 'price_change_percentage_24h': -0.52454, 'last_updated': Timestamp('2026-10-02 21:36:20+0000', tz='UTC'), 'etl_transformed_at': Timestamp('2026-10-02 21:38:50.116679+0000', tz='UTC')}, {'id': 'ripple', 'symbol': 'XRP', 'name': 'XRP', 'current_price': 1.47, 'market_cap': 92978689989, 'total_volume': 3577453281, 'high_24h': 1.55, 'low_24h': 1.45, 'price_change_percentage_24h': -1.06809, 'last_updated': Timestamp('2026-10-02 21:36:20+0000', tz='UTC'), 'etl_transformed_at': Timestamp('2026-10-02 21:38:50.116679+0000', tz='UTC')}, {'id': 'usd-coin', 'symbol': 'USDC', 'name': 'USDC', 'current_price': 1.0, 'market_cap': 74059701467, 'total_volume': 24223314886, 'high_24h': 1.0, 'low_24h': 0.999514, 'price_change_percentage_24h': 0.00704, 'last_updated': Timestamp('2026-10-02 21:36:20+0000', tz='UTC'), 'etl_transformed_at': Timestamp('2026-10-02 21:38:50.116679+0000', tz='UTC')}, {'id': 'solana', 'symbol': 'SOL', 'name': 'Solana', 'current_price': 117.99, 'market_cap': 69388738396, 'total_volume': 4765037902, 'high_24h': 123.55, 'low_24h': 117.38, 'price_change_percentage_24h': 0.30676, 'last_updated': Timestamp('2026-10-02 21:36:20+0000', tz='UTC'), 'etl_transformed_at': Timestamp('2026-10-02 21:38:50.116679+0000', tz='UTC')}, {'id': 'tron', 'symbol': 'TRX', 'name': 'TRON', 'current_price': 0.334257, 'market_cap': 31746902365, 'total_volume': 346286268, 'high_24h': 0.336887, 'low_24h': 0.334006, 'price_change_percentage_24h': -0.32769, 'last_updated': Timestamp('2026-10-02 21:36:20+0000', tz='UTC'), 'etl_transformed_at': Timestamp('2026-10-02 21:38:50.116679+0000', tz='UTC')}, {'id': 'figure-heloc', 'symbol': 'FIGR_HELOC', 'name': 'Figure Heloc', 'current_price': 1.047, 'market_cap': 24526091342, 'total_volume': 30030554, 'high_24h': 1.049, 'low_24h': 1.012, 'price_change_percentage_24h': 2.38653, 'last_updated': Timestamp('2026-10-02 21:36:20+0000', tz='UTC'), 'etl_transformed_at': Timestamp('2026-10-02 21:38:50.116679+0000', tz='UTC')}, {'id': 'zcash', 'symbol': 'ZEC', 'name': 'Zcash', 'current_price': 1285.5, 'market_cap': 21810639460, 'total_volume': 955537167, 'high_24h': 1408.0, 'low_24h': 1276.55, 'price_change_percentage_24h': -2.55176, 'last_updated': Timestamp('2026-10-02 21:36:20+0000', tz='UTC'), 'etl_transformed_at': Timestamp('2026-10-02 21:38:50.116679+0000', tz='UTC')}, {'id': 'hyperliquid', 'symbol': 'HYPE', 'name': 'Hyperliquid', 'current_price': 86.31, 'market_cap': 19194589584, 'total_volume': 838354111, 'high_24h': 91.44, 'low_24h': 86.16, 'price_change_percentage_24h': -0.63659, 'last_updated': Timestamp('2026-10-02 21:36:20+0000', tz='UTC'), 'etl_transformed_at': Timestamp('2026-10-02 21:38:50.116679+0000', tz='UTC')}, {'id': 'dogecoin', 'symbol': 'DOGE', 'name': 'Dogecoin', 'current_price': 0.091699, 'market_cap': 14320554332, 'total_volume': 1106815961, 'high_24h': 0.097849, 'low_24h': 0.090509, 'price_change_percentage_24h': -2.38956, 'last_updated': Timestamp('2026-10-02 21:36:20+0000', tz='UTC'), 'etl_transformed_at': Timestamp('2026-10-02 21:38:50.116679+0000', tz='UTC')}, {'id': 'chainlink', 'symbol': 'LINK', 'name': 'Chainlink', 'current_price': 13.63, 'market_cap': 10193151467, 'total_volume': 576385380, 'high_24h': 14.64, 'low_24h': 13.47, 'price_change_percentage_24h': -4.44036, 'last_updated': Timestamp('2026-10-02 21:36:20+0000', tz='UTC'), 'etl_transformed_at': Timestamp('2026-10-02 21:38:50.116679+0000', tz='UTC')}, {'id': 'monero', 'symbol': 'XMR', 'name': 'Monero', 'current_price': 538.24, 'market_cap': 10125011520, 'total_volume': 117590844, 'high_24h': 550.88, 'low_24h': 532.34, 'price_change_percentage_24h': -1.00365, 'last_updated': Timestamp('2026-10-02 21:36:20+0000', tz='UTC'), 'etl_transformed_at': Timestamp('2026-10-02 21:38:50.116679+0000', tz='UTC')}, {'id': 'whitebit', 'symbol': 'WBT', 'name': 'WhiteBIT Coin', 'current_price': 84.0, 'market_cap': 9979221191, 'total_volume': 139844455, 'high_24h': 86.71, 'low_24h': 83.53, 'price_change_percentage_24h': -0.47267, 'last_updated': Timestamp('2026-10-02 21:36:20+0000', tz='UTC'), 'etl_transformed_at': Timestamp('2026-10-02 21:38:50.116679+0000', tz='UTC')}, {'id': 'usds', 'symbol': 'USDS', 'name': 'USDS', 'current_price': 0.999886, 'market_cap': 9957740535, 'total_volume': 304417331, 'high_24h': 0.999953, 'low_24h': 0.999521, 'price_change_percentage_24h': 0.0051, 'last_updated': Timestamp('2026-10-02 21:36:20+0000', tz='UTC'), 'etl_transformed_at': Timestamp('2026-10-02 21:38:50.116679+0000', tz='UTC')}, {'id': 'cardano', 'symbol': 'ADA', 'name': 'Cardano', 'current_price': 0.240295, 'market_cap': 9019789467, 'total_volume': 656755580, 'high_24h': 0.258534, 'low_24h': 0.237332, 'price_change_percentage_24h': -2.08422, 'last_updated': Timestamp('2026-10-02 21:36:20+0000', tz='UTC'), 'etl_transformed_at': Timestamp('2026-10-02 21:38:50.116679+0000', tz='UTC')}, {'id': 'leo-token', 'symbol': 'LEO', 'name': 'LEO Token', 'current_price': 8.96, 'market_cap': 8237760345, 'total_volume': 239639, 'high_24h': 9.0, 'low_24h': 8.86, 'price_change_percentage_24h': 1.14376, 'last_updated': Timestamp('2026-10-02 21:36:20+0000', tz='UTC'), 'etl_transformed_at': Timestamp('2026-10-02 21:38:50.116679+0000', tz='UTC')}, {'id': 'rain', 'symbol': 'RAIN', 'name': 'Rain', 'current_price': 0.01113229, 'market_cap': 7898783523, 'total_volume': 13782179, 'high_24h': 0.01212762, 'low_24h': 0.01112433, 'price_change_percentage_24h': -7.7127, 'last_updated': Timestamp('2026-10-02 21:36:20+0000', tz='UTC'), 'etl_transformed_at': Timestamp('2026-10-02 21:38:50.116679+0000', tz='UTC')}, {'id': 'stellar', 'symbol': 'XLM', 'name': 'Stellar', 'current_price': 0.212717, 'market_cap': 7458442310, 'total_volume': 221175212, 'high_24h': 0.226843, 'low_24h': 0.210675, 'price_change_percentage_24h': -2.64817, 'last_updated': Timestamp('2026-10-02 21:36:20+0000', tz='UTC'), 'etl_transformed_at': Timestamp('2026-10-02 21:38:50.116679+0000', tz='UTC')}]
[2026-10-02T21:38:50.120+0000] {taskinstance.py:441} INFO - ::group::Post task execution logs
[2026-10-02T21:38:50.127+0000] {xcom.py:675} ERROR - Object of type Timestamp is not JSON serializable. If you are using pickle instead of JSON for XCom, then you need to enable pickle support for XCom in your *** config or make sure to decorate your object with attr.
[2026-10-02T21:38:50.128+0000] {taskinstance.py:2905} ERROR - Task failed with exception
Traceback (most recent call last):
  File "/home/airflow/.local/lib/python3.10/site-packages/airflow/utils/json.py", line 91, in default
    return serialize(o)
  File "/home/airflow/.local/lib/python3.10/site-packages/airflow/serialization/serde.py", line 189, in serialize
    raise TypeError(f"cannot serialize object of type {cls}")
TypeError: cannot serialize object of type <class 'pandas._libs.tslibs.timestamps.Timestamp'>

During handling of the above exception, another exception occurred:

Traceback (most recent call last):
  File "/home/airflow/.local/lib/python3.10/site-packages/airflow/models/taskinstance.py", line 486, in _execute_task
    task_instance.xcom_push(key=XCOM_RETURN_KEY, value=xcom_value, session=session)
  File "/home/airflow/.local/lib/python3.10/site-packages/airflow/utils/session.py", line 76, in wrapper
    return func(*args, **kwargs)
  File "/home/airflow/.local/lib/python3.10/site-packages/airflow/models/taskinstance.py", line 3197, in xcom_push
    XCom.set(
  File "/home/airflow/.local/lib/python3.10/site-packages/airflow/utils/session.py", line 76, in wrapper
    return func(*args, **kwargs)
  File "/home/airflow/.local/lib/python3.10/site-packages/airflow/models/xcom.py", line 246, in set
    value = cls.serialize_value(
  File "/home/airflow/.local/lib/python3.10/site-packages/airflow/models/xcom.py", line 673, in serialize_value
    return json.dumps(value, cls=XComEncoder).encode("UTF-8")
  File "/usr/local/lib/python3.10/json/__init__.py", line 238, in dumps
    **kw).encode(obj)
  File "/home/airflow/.local/lib/python3.10/site-packages/airflow/utils/json.py", line 104, in encode
    return super().encode(o)
  File "/usr/local/lib/python3.10/json/encoder.py", line 199, in encode
    chunks = self.iterencode(o, _one_shot=True)
  File "/usr/local/lib/python3.10/json/encoder.py", line 257, in iterencode
    return _iterencode(o, 0)
  File "/home/airflow/.local/lib/python3.10/site-packages/airflow/utils/json.py", line 93, in default
    return super().default(o)
  File "/usr/local/lib/python3.10/json/encoder.py", line 179, in default
    raise TypeError(f'Object of type {o.__class__.__name__} '
TypeError: Object of type Timestamp is not JSON serializable
[2026-10-02T21:38:50.138+0000] {taskinstance.py:1206} INFO - Marking task as UP_FOR_RETRY. dag_id=fintech_crypto_market_etl, task_id=transform_market_data, run_id=manual__2026-10-02T21:38:43.136159+00:00, execution_date=20261002T213843, start_date=20261002T213849, end_date=20261002T213850
[2026-10-02T21:38:50.148+0000] {standard_task_runner.py:110} ERROR - Failed to execute job 17 for task transform_market_data (Object of type Timestamp is not JSON serializable; 90)
[2026-10-02T21:38:50.174+0000] {local_task_job_runner.py:240} INFO - Task exited with return code 1
[2026-10-02T21:38:50.192+0000] {taskinstance.py:3498} INFO - 0 downstream tasks scheduled from follow-on schedule check
[2026-10-02T21:38:50.199+0000] {local_task_job_runner.py:222} INFO - ::endgroup::
