[2026-10-02T21:30:05.946+0000] {local_task_job_runner.py:120} INFO - ::group::Pre task execution logs
[2026-10-02T21:30:05.972+0000] {taskinstance.py:2076} INFO - Dependencies all met for dep_context=non-requeueable deps ti=<TaskInstance: fintech_crypto_market_etl.transform_market_data manual__2026-10-02T21:26:57.407745+00:00 [queued]>
[2026-10-02T21:30:05.978+0000] {taskinstance.py:2076} INFO - Dependencies all met for dep_context=requeueable deps ti=<TaskInstance: fintech_crypto_market_etl.transform_market_data manual__2026-10-02T21:26:57.407745+00:00 [queued]>
[2026-10-02T21:30:05.979+0000] {taskinstance.py:2306} INFO - Starting attempt 2 of 2
[2026-10-02T21:30:05.989+0000] {taskinstance.py:2330} INFO - Executing <Task(_PythonDecoratedOperator): transform_market_data> on 2026-10-02 21:26:57.407745+00:00
[2026-10-02T21:30:05.993+0000] {standard_task_runner.py:63} INFO - Started process 98 to run task
[2026-10-02T21:30:05.996+0000] {standard_task_runner.py:90} INFO - Running: ['***', 'tasks', 'run', 'fintech_crypto_market_etl', 'transform_market_data', 'manual__2026-10-02T21:26:57.407745+00:00', '--job-id', '13', '--raw', '--subdir', 'DAGS_FOLDER/crypto_market_dag.py', '--cfg-path', '/tmp/tmpc3aw3mip']
[2026-10-02T21:30:05.998+0000] {standard_task_runner.py:91} INFO - Job 13: Subtask transform_market_data
[2026-10-02T21:30:06.047+0000] {task_command.py:426} INFO - Running <TaskInstance: fintech_crypto_market_etl.transform_market_data manual__2026-10-02T21:26:57.407745+00:00 [running]> on host fc93dc10a888
[2026-10-02T21:30:06.109+0000] {taskinstance.py:2648} INFO - Exporting env vars: AIRFLOW_CTX_DAG_OWNER='data_engineer' AIRFLOW_CTX_DAG_ID='fintech_crypto_market_etl' AIRFLOW_CTX_TASK_ID='transform_market_data' AIRFLOW_CTX_EXECUTION_DATE='2026-10-02T21:26:57.407745+00:00' AIRFLOW_CTX_TRY_NUMBER='2' AIRFLOW_CTX_DAG_RUN_ID='manual__2026-10-02T21:26:57.407745+00:00'
[2026-10-02T21:30:06.110+0000] {taskinstance.py:430} INFO - ::endgroup::
[2026-10-02T21:30:06.132+0000] {transform.py:59} INFO - Successfully transformed 20 records into clean schema.
[2026-10-02T21:30:06.134+0000] {python.py:237} INFO - Done. Returned value was: [{'id': 'bitcoin', 'symbol': 'BTC', 'name': 'Bitcoin', 'current_price': 84476.0, 'market_cap': 1697331670423, 'total_volume': 45415187373, 'high_24h': 87086.0, 'low_24h': 83898.0, 'price_change_percentage_24h': -0.12034, 'last_updated': Timestamp('2026-10-02 21:24:30+0000', tz='UTC'), 'etl_transformed_at': Timestamp('2026-10-02 21:30:06.132012+0000', tz='UTC')}, {'id': 'ethereum', 'symbol': 'ETH', 'name': 'Ethereum', 'current_price': 2661.42, 'market_cap': 324962632019, 'total_volume': 18749526385, 'high_24h': 2768.44, 'low_24h': 2652.62, 'price_change_percentage_24h': -1.2279, 'last_updated': Timestamp('2026-10-02 21:24:30+0000', tz='UTC'), 'etl_transformed_at': Timestamp('2026-10-02 21:30:06.132012+0000', tz='UTC')}, {'id': 'tether', 'symbol': 'USDT', 'name': 'Tether', 'current_price': 0.999927, 'market_cap': 184044544472, 'total_volume': 81420113340, 'high_24h': 0.999987, 'low_24h': 0.999646, 'price_change_percentage_24h': 0.02179, 'last_updated': Timestamp('2026-10-02 21:24:30+0000', tz='UTC'), 'etl_transformed_at': Timestamp('2026-10-02 21:30:06.132012+0000', tz='UTC')}, {'id': 'binancecoin', 'symbol': 'BNB', 'name': 'BNB', 'current_price': 765.22, 'market_cap': 101896727220, 'total_volume': 925887379, 'high_24h': 783.58, 'low_24h': 760.68, 'price_change_percentage_24h': -0.61159, 'last_updated': Timestamp('2026-10-02 21:24:30+0000', tz='UTC'), 'etl_transformed_at': Timestamp('2026-10-02 21:30:06.132012+0000', tz='UTC')}, {'id': 'ripple', 'symbol': 'XRP', 'name': 'XRP', 'current_price': 1.47, 'market_cap': 92959166623, 'total_volume': 3566971654, 'high_24h': 1.55, 'low_24h': 1.45, 'price_change_percentage_24h': -1.42329, 'last_updated': Timestamp('2026-10-02 21:24:30+0000', tz='UTC'), 'etl_transformed_at': Timestamp('2026-10-02 21:30:06.132012+0000', tz='UTC')}, {'id': 'usd-coin', 'symbol': 'USDC', 'name': 'USDC', 'current_price': 0.999959, 'market_cap': 74059702396, 'total_volume': 24311794534, 'high_24h': 1.0, 'low_24h': 0.999514, 'price_change_percentage_24h': 0.00584, 'last_updated': Timestamp('2026-10-02 21:24:30+0000', tz='UTC'), 'etl_transformed_at': Timestamp('2026-10-02 21:30:06.132012+0000', tz='UTC')}, {'id': 'solana', 'symbol': 'SOL', 'name': 'Solana', 'current_price': 117.98, 'market_cap': 69380225350, 'total_volume': 4754421422, 'high_24h': 123.55, 'low_24h': 117.38, 'price_change_percentage_24h': 0.05133, 'last_updated': Timestamp('2026-10-02 21:24:30+0000', tz='UTC'), 'etl_transformed_at': Timestamp('2026-10-02 21:30:06.132012+0000', tz='UTC')}, {'id': 'tron', 'symbol': 'TRX', 'name': 'TRON', 'current_price': 0.334327, 'market_cap': 31756156254, 'total_volume': 350824511, 'high_24h': 0.336887, 'low_24h': 0.334006, 'price_change_percentage_24h': -0.32435, 'last_updated': Timestamp('2026-10-02 21:24:30+0000', tz='UTC'), 'etl_transformed_at': Timestamp('2026-10-02 21:30:06.132012+0000', tz='UTC')}, {'id': 'figure-heloc', 'symbol': 'FIGR_HELOC', 'name': 'Figure Heloc', 'current_price': 1.047, 'market_cap': 24525916152, 'total_volume': 30031593, 'high_24h': 1.049, 'low_24h': 1.012, 'price_change_percentage_24h': 2.36395, 'last_updated': Timestamp('2026-10-02 21:24:30+0000', tz='UTC'), 'etl_transformed_at': Timestamp('2026-10-02 21:30:06.132012+0000', tz='UTC')}, {'id': 'zcash', 'symbol': 'ZEC', 'name': 'Zcash', 'current_price': 1281.77, 'market_cap': 21747213538, 'total_volume': 1017324424, 'high_24h': 1408.0, 'low_24h': 1276.55, 'price_change_percentage_24h': -3.5011, 'last_updated': Timestamp('2026-10-02 21:24:30+0000', tz='UTC'), 'etl_transformed_at': Timestamp('2026-10-02 21:30:06.132012+0000', tz='UTC')}, {'id': 'hyperliquid', 'symbol': 'HYPE', 'name': 'Hyperliquid', 'current_price': 86.57, 'market_cap': 19257671629, 'total_volume': 840115386, 'high_24h': 91.44, 'low_24h': 86.16, 'price_change_percentage_24h': -0.85373, 'last_updated': Timestamp('2026-10-02 21:24:30+0000', tz='UTC'), 'etl_transformed_at': Timestamp('2026-10-02 21:30:06.132012+0000', tz='UTC')}, {'id': 'dogecoin', 'symbol': 'DOGE', 'name': 'Dogecoin', 'current_price': 0.091644, 'market_cap': 14311556550, 'total_volume': 1099629535, 'high_24h': 0.097849, 'low_24h': 0.090509, 'price_change_percentage_24h': -2.83844, 'last_updated': Timestamp('2026-10-02 21:24:30+0000', tz='UTC'), 'etl_transformed_at': Timestamp('2026-10-02 21:30:06.132012+0000', tz='UTC')}, {'id': 'chainlink', 'symbol': 'LINK', 'name': 'Chainlink', 'current_price': 13.61, 'market_cap': 10179999254, 'total_volume': 575661095, 'high_24h': 14.64, 'low_24h': 13.47, 'price_change_percentage_24h': -5.23482, 'last_updated': Timestamp('2026-10-02 21:24:30+0000', tz='UTC'), 'etl_transformed_at': Timestamp('2026-10-02 21:30:06.132012+0000', tz='UTC')}, {'id': 'monero', 'symbol': 'XMR', 'name': 'Monero', 'current_price': 538.31, 'market_cap': 10126055676, 'total_volume': 117410299, 'high_24h': 550.88, 'low_24h': 532.34, 'price_change_percentage_24h': -0.99348, 'last_updated': Timestamp('2026-10-02 21:24:30+0000', tz='UTC'), 'etl_transformed_at': Timestamp('2026-10-02 21:30:06.132012+0000', tz='UTC')}, {'id': 'whitebit', 'symbol': 'WBT', 'name': 'WhiteBIT Coin', 'current_price': 84.02, 'market_cap': 9983277258, 'total_volume': 140034046, 'high_24h': 86.71, 'low_24h': 83.53, 'price_change_percentage_24h': -0.4936, 'last_updated': Timestamp('2026-10-02 21:24:30+0000', tz='UTC'), 'etl_transformed_at': Timestamp('2026-10-02 21:30:06.132012+0000', tz='UTC')}, {'id': 'usds', 'symbol': 'USDS', 'name': 'USDS', 'current_price': 0.999852, 'market_cap': 9957781021, 'total_volume': 306933954, 'high_24h': 0.999953, 'low_24h': 0.999521, 'price_change_percentage_24h': -0.0004, 'last_updated': Timestamp('2026-10-02 21:24:30+0000', tz='UTC'), 'etl_transformed_at': Timestamp('2026-10-02 21:30:06.132012+0000', tz='UTC')}, {'id': 'cardano', 'symbol': 'ADA', 'name': 'Cardano', 'current_price': 0.24029, 'market_cap': 9020859261, 'total_volume': 655358908, 'high_24h': 0.258534, 'low_24h': 0.237332, 'price_change_percentage_24h': -2.57775, 'last_updated': Timestamp('2026-10-02 21:24:30+0000', tz='UTC'), 'etl_transformed_at': Timestamp('2026-10-02 21:30:06.132012+0000', tz='UTC')}, {'id': 'leo-token', 'symbol': 'LEO', 'name': 'LEO Token', 'current_price': 8.95, 'market_cap': 8235578099, 'total_volume': 240179, 'high_24h': 9.0, 'low_24h': 8.86, 'price_change_percentage_24h': 1.11253, 'last_updated': Timestamp('2026-10-02 21:24:30+0000', tz='UTC'), 'etl_transformed_at': Timestamp('2026-10-02 21:30:06.132012+0000', tz='UTC')}, {'id': 'rain', 'symbol': 'RAIN', 'name': 'Rain', 'current_price': 0.01113489, 'market_cap': 7900674332, 'total_volume': 21229742, 'high_24h': 0.01212762, 'low_24h': 0.01112433, 'price_change_percentage_24h': -7.68944, 'last_updated': Timestamp('2026-10-02 21:24:30+0000', tz='UTC'), 'etl_transformed_at': Timestamp('2026-10-02 21:30:06.132012+0000', tz='UTC')}, {'id': 'stellar', 'symbol': 'XLM', 'name': 'Stellar', 'current_price': 0.212586, 'market_cap': 7452596346, 'total_volume': 221129427, 'high_24h': 0.226843, 'low_24h': 0.210675, 'price_change_percentage_24h': -3.07478, 'last_updated': Timestamp('2026-10-02 21:24:30+0000', tz='UTC'), 'etl_transformed_at': Timestamp('2026-10-02 21:30:06.132012+0000', tz='UTC')}]
[2026-10-02T21:30:06.136+0000] {taskinstance.py:441} INFO - ::group::Post task execution logs
[2026-10-02T21:30:06.141+0000] {xcom.py:675} ERROR - Object of type Timestamp is not JSON serializable. If you are using pickle instead of JSON for XCom, then you need to enable pickle support for XCom in your *** config or make sure to decorate your object with attr.
[2026-10-02T21:30:06.143+0000] {taskinstance.py:2905} ERROR - Task failed with exception
Traceback (most recent call last):
  File "/home/airflow/.local/lib/python3.10/site-packages/airflow/utils/json.py", line 91, in default
    return serialize(o)
  File "/home/airflow/.local/lib/python3.10/site-packages/airflow/serialization/serde.py", line 189, in serialize
    raise TypeError(f"cannot serialize object of type {cls}")
TypeError: cannot serialize object of type <class 'pandas._libs.tslibs.timestamps.Timestamp'>

During handling of the above exception, another exception occurred:

Traceback (most recent call last):
  File "/home/airflow/.local/lib/python3.10/site-packages/airflow/models/taskinstance.py", line 486, in _execute_task
    task_instance.xcom_push(key=XCOM_RETURN_KEY, value=xcom_value, session=session)
  File "/home/airflow/.local/lib/python3.10/site-packages/airflow/utils/session.py", line 76, in wrapper
    return func(*args, **kwargs)
  File "/home/airflow/.local/lib/python3.10/site-packages/airflow/models/taskinstance.py", line 3197, in xcom_push
    XCom.set(
  File "/home/airflow/.local/lib/python3.10/site-packages/airflow/utils/session.py", line 76, in wrapper
    return func(*args, **kwargs)
  File "/home/airflow/.local/lib/python3.10/site-packages/airflow/models/xcom.py", line 246, in set
    value = cls.serialize_value(
  File "/home/airflow/.local/lib/python3.10/site-packages/airflow/models/xcom.py", line 673, in serialize_value
    return json.dumps(value, cls=XComEncoder).encode("UTF-8")
  File "/usr/local/lib/python3.10/json/__init__.py", line 238, in dumps
    **kw).encode(obj)
  File "/home/airflow/.local/lib/python3.10/site-packages/airflow/utils/json.py", line 104, in encode
    return super().encode(o)
  File "/usr/local/lib/python3.10/json/encoder.py", line 199, in encode
    chunks = self.iterencode(o, _one_shot=True)
  File "/usr/local/lib/python3.10/json/encoder.py", line 257, in iterencode
    return _iterencode(o, 0)
  File "/home/airflow/.local/lib/python3.10/site-packages/airflow/utils/json.py", line 93, in default
    return super().default(o)
  File "/usr/local/lib/python3.10/json/encoder.py", line 179, in default
    raise TypeError(f'Object of type {o.__class__.__name__} '
TypeError: Object of type Timestamp is not JSON serializable
[2026-10-02T21:30:06.151+0000] {taskinstance.py:1206} INFO - Marking task as FAILED. dag_id=fintech_crypto_market_etl, task_id=transform_market_data, run_id=manual__2026-10-02T21:26:57.407745+00:00, execution_date=20261002T212657, start_date=20261002T213005, end_date=20261002T213006
[2026-10-02T21:30:06.155+0000] {logging_mixin.py:188} WARNING - /home/***/.local/lib/python3.10/site-packages/***/utils/context.py:212 AirflowContextDeprecationWarning: Accessing 'execution_date' from the template is deprecated and will be removed in a future version. Please use 'data_interval_start' or 'logical_date' instead.
[2026-10-02T21:30:06.155+0000] {crypto_market_dag.py:27} ERROR - 🚨 [ALERT] Pipeline Failure Detected! 
 - DAG: fintech_crypto_market_etl
 - Task: transform_market_data
 - Execution Time: 2026-10-02 21:26:57.407745+00:00
Action required: Check Airflow task logs immediately.
[2026-10-02T21:30:06.165+0000] {standard_task_runner.py:110} ERROR - Failed to execute job 13 for task transform_market_data (Object of type Timestamp is not JSON serializable; 98)
[2026-10-02T21:30:06.172+0000] {local_task_job_runner.py:240} INFO - Task exited with return code 1
[2026-10-02T21:30:06.186+0000] {taskinstance.py:3498} INFO - 0 downstream tasks scheduled from follow-on schedule check
[2026-10-02T21:30:06.191+0000] {local_task_job_runner.py:222} INFO - ::endgroup::
